// Jest Snapshot v1, https://goo.gl/fbAQLP

exports[`Posts container Scenario: The reader can view all posts 1`] = `
<ul
  className="ui-grid list-group "
>
  <li
    className="pull-left"
  >
    <p
      className="pull-left"
      style={
        Object {
          "marginBottom": "15px",
          "width": "20%",
        }
      }
    >
      <span
        className="text-large link"
        onClick={[Function]}
      >
        1
      </span>
      
      
      <br />
      <span
        className="text-muted"
      >
        id
      </span>
    </p>
    <p
      className="pull-left"
      style={
        Object {
          "marginBottom": "15px",
          "width": "20%",
        }
      }
    >
      
      
      <span
        className="text-large"
      >
        Blog post one
      </span>
      <br />
      <span
        className="text-muted"
      >
        title
      </span>
    </p>
  </li>
  <li
    className="pull-left"
  >
    <p
      className="pull-left"
      style={
        Object {
          "marginBottom": "15px",
          "width": "20%",
        }
      }
    >
      <span
        className="text-large link"
        onClick={[Function]}
      >
        2
      </span>
      
      
      <br />
      <span
        className="text-muted"
      >
        id
      </span>
    </p>
    <p
      className="pull-left"
      style={
        Object {
          "marginBottom": "15px",
          "width": "20%",
        }
      }
    >
      
      
      <span
        className="text-large"
      >
        Blog post two
      </span>
      <br />
      <span
        className="text-muted"
      >
        title
      </span>
    </p>
  </li>
</ul>
`;
